current directory: /home/deploy/psy_bot/vendor/bundle/ruby/3.2.0/gems/json-2.15.2/ext/json/ext/parser
/home/deploy/.rbenv/versions/3.2.2/bin/ruby extconf.rb
checking for rb_enc_interned_str() in ruby/encoding.h... yes
checking for rb_hash_new_capa() in ruby.h... yes
checking for rb_hash_bulk_insert() in ruby.h... yes
checking for strnlen() in string.h... yes
checking for whether -std=c99 is accepted as CFLAGS... yes
checking for x86intrin.h... yes
checking for cpuid.h... yes
creating Makefile

current directory: /home/deploy/psy_bot/vendor/bundle/ruby/3.2.0/gems/json-2.15.2/ext/json/ext/parser
make DESTDIR\= sitearchdir\=./.gem.20260202-51690-4240bl sitelibdir\=./.gem.20260202-51690-4240bl clean

current directory: /home/deploy/psy_bot/vendor/bundle/ruby/3.2.0/gems/json-2.15.2/ext/json/ext/parser
make DESTDIR\= sitearchdir\=./.gem.20260202-51690-4240bl sitelibdir\=./.gem.20260202-51690-4240bl
compiling parser.c
linking shared-object json/ext/parser.so

current directory: /home/deploy/psy_bot/vendor/bundle/ruby/3.2.0/gems/json-2.15.2/ext/json/ext/parser
make DESTDIR\= sitearchdir\=./.gem.20260202-51690-4240bl sitelibdir\=./.gem.20260202-51690-4240bl install
/usr/bin/install -c -m 0755 parser.so ./.gem.20260202-51690-4240bl/json/ext

current directory: /home/deploy/psy_bot/vendor/bundle/ruby/3.2.0/gems/json-2.15.2/ext/json/ext/parser
make DESTDIR\= sitearchdir\=./.gem.20260202-51690-4240bl sitelibdir\=./.gem.20260202-51690-4240bl clean
